[backblue.gif]
[fade.gif]
[index.html]
[portnine.com/Themes/AwesomeAdmin/lib/jquery-1.7.2.min.js]
[portnine.com/Themes/AwesomeAdmin/javascripts/site.js]
[portnine.com/Themes/AwesomeAdmin/images/faces/1b.png]
[portnine.com/Themes/AwesomeAdmin/images/faces/2b.png]
[portnine.com/Themes/AwesomeAdmin/images/faces/1a.png]
[portnine.com/Themes/AwesomeAdmin/lib/bootstrap3/dist/js/bootstrap.js]
[portnine.com/Themes/AwesomeAdmin/index.html]
[portnine.com/Themes/AwesomeAdmin/lib/bootstrap3/dist/fonts/glyphicons-halflings-regular.eot]
[portnine.com/Themes/AwesomeAdmin/lib/bootstrap3/dist/fonts/glyphicons-halflings-regular.woff]
[portnine.com/Themes/AwesomeAdmin/lib/bootstrap3/dist/fonts/glyphicons-halflings-regulard41d.eot]
[portnine.com/Themes/AwesomeAdmin/lib/bootstrap3/dist/fonts/glyphicons-halflings-regular.ttf]
[portnine.com/Themes/AwesomeAdmin/lib/bootstrap3/dist/css/bootstrap.css]
[portnine.com/Themes/AwesomeAdmin/lib/FontAwesome/font/fontawesome-webfontf77b.eot]
[portnine.com/Themes/AwesomeAdmin/lib/FontAwesome/font/fontawesome-webfontd41d.eot]
[portnine.com/Themes/AwesomeAdmin/lib/FontAwesome/font/fontawesome-webfontf77b.woff]
[portnine.com/Themes/AwesomeAdmin/lib/FontAwesome/font/fontawesome-webfontf77b.ttf]
[portnine.com/Themes/AwesomeAdmin/lib/FontAwesome/css/font-awesome.css]
[portnine.com/Themes/AwesomeAdmin/stylesheets/theme.css]
[portnine.com/Themes/assets/ico/apple-touch-icon-144-precomposed.html]
[portnine.com/Themes/assets/ico/apple-touch-icon-114-precomposed.html]
[portnine.com/Themes/assets/ico/apple-touch-icon-72-precomposed.html]
[portnine.com/Themes/assets/ico/apple-touch-icon-57-precomposed.html]
[portnine.com/Themes/AwesomeAdmin/index-2.html]
[portnine.com/Themes/AwesomeAdmin/sign-in.html]
[portnine.com/Themes/AwesomeAdmin/lib/jquery.peity.min.js]
[portnine.com/Themes/AwesomeAdmin/lib/flot/jquery.flot.js]
[portnine.com/Themes/AwesomeAdmin/reports.html]
[portnine.com/Themes/AwesomeAdmin/lib/jquery.isotope.min.js]
[portnine.com/Themes/AwesomeAdmin/lib/datepicker/js/bootstrap-datepicker.js]
[portnine.com/Themes/AwesomeAdmin/lib/colorpicker/js/bootstrap-colorpicker.js]
[portnine.com/Themes/AwesomeAdmin/lib/bootstrap-toggle-buttons/static/js/jquery.toggle.buttons.js]
[portnine.com/Themes/AwesomeAdmin/lib/bootstrap-timepicker/js/bootstrap-timepicker.js]
[portnine.com/Themes/AwesomeAdmin/lib/bootstrap-formhelpers/js/bootstrap-formhelpers-countries.en_US.js]
[portnine.com/Themes/AwesomeAdmin/lib/bootstrap-formhelpers/js/bootstrap-formhelpers-countries.js]
[portnine.com/Themes/AwesomeAdmin/lib/bootstrap-formhelpers/js/bootstrap-formhelpers-timezones.codes.js]
[portnine.com/Themes/AwesomeAdmin/lib/bootstrap-formhelpers/js/bootstrap-formhelpers-timezones.js]
[portnine.com/Themes/AwesomeAdmin/lib/bootstrap-formhelpers/js/bootstrap-formhelpers-languages.codes.js]
[portnine.com/Themes/AwesomeAdmin/lib/bootstrap-formhelpers/js/bootstrap-formhelpers-languages.js]
[portnine.com/Themes/AwesomeAdmin/lib/bootstrap-formhelpers/js/bootstrap-formhelpers-states.en_US.js]
[portnine.com/Themes/AwesomeAdmin/lib/bootstrap-formhelpers/js/bootstrap-formhelpers-states.js]
[portnine.com/Themes/AwesomeAdmin/lib/jquery-qrcode/jquery.qrcode.min.js]
[portnine.com/Themes/AwesomeAdmin/lib/bootstrap-notify/bootstrap-notify.js]
[portnine.com/Themes/AwesomeAdmin/lib/bootstrap-spinner/bootstrap-spinner.js]
[portnine.com/Themes/AwesomeAdmin/lib/bootstrap-wysihtml5/lib/js/wysihtml5-0.3.0.js]
[portnine.com/Themes/AwesomeAdmin/lib/bootstrap-wysihtml5/dist/bootstrap-wysihtml5-0.0.2.min.js]
[portnine.com/Themes/AwesomeAdmin/images/loading-icons/loading1.gif]
[portnine.com/Themes/AwesomeAdmin/images/loading-icons/loading2.gif]
[portnine.com/Themes/AwesomeAdmin/images/loading-icons/loading4.gif]
[portnine.com/Themes/AwesomeAdmin/images/loading-icons/loading3.gif]
[portnine.com/Themes/AwesomeAdmin/images/loading-icons/loading6.gif]
[portnine.com/Themes/AwesomeAdmin/images/loading-icons/loading7.gif]
[portnine.com/Themes/AwesomeAdmin/images/loading-icons/loading8.gif]
[portnine.com/Themes/AwesomeAdmin/images/loading-icons/loading9.gif]
[portnine.com/Themes/AwesomeAdmin/images/loading-icons/loading5.gif]
[portnine.com/Themes/AwesomeAdmin/images/loading-icons/loading10.gif]
[portnine.com/Themes/AwesomeAdmin/components.html]
[portnine.com/Themes/AwesomeAdmin/pricing.html]
[portnine.com/Themes/AwesomeAdmin/lib/fancy-zoom/src/fancyzoom.js]
[portnine.com/Themes/AwesomeAdmin/images/gallery/319768_8498.jpg]
[portnine.com/Themes/AwesomeAdmin/images/gallery/403944_5580.jpg]
[portnine.com/Themes/AwesomeAdmin/images/gallery/43616_6206.jpg]
[portnine.com/Themes/AwesomeAdmin/images/gallery/442256_20337880.jpg]
[portnine.com/Themes/AwesomeAdmin/images/gallery/463600_31373324.jpg]
[portnine.com/Themes/AwesomeAdmin/images/gallery/472381_10949156.jpg]
[portnine.com/Themes/AwesomeAdmin/images/gallery/485382_81894547.jpg]
[portnine.com/Themes/AwesomeAdmin/images/gallery/503993_62595320.jpg]
[portnine.com/Themes/AwesomeAdmin/images/gallery/544337_83543416.jpg]
[portnine.com/Themes/AwesomeAdmin/images/gallery/625998_12886207.jpg]
[portnine.com/Themes/AwesomeAdmin/images/gallery/737034_24905666.jpg]
[portnine.com/Themes/AwesomeAdmin/images/gallery/760375_32906821.jpg]
[portnine.com/Themes/AwesomeAdmin/images/gallery/789080_16753532.jpg]
[portnine.com/Themes/AwesomeAdmin/images/gallery/888272_30368604.jpg]
[portnine.com/Themes/AwesomeAdmin/media.html]
[portnine.com/Themes/AwesomeAdmin/images/blog/737034_24905666.jpg]
[portnine.com/Themes/AwesomeAdmin/images/blog/789080_16753532.jpg]
[portnine.com/Themes/AwesomeAdmin/images/blog/888272_30368604.jpg]
[portnine.com/Themes/AwesomeAdmin/blog.html]
[portnine.com/Themes/AwesomeAdmin/images/tumblr_mopqkkwK2M1st5lhmo1_1280.jpg]
[portnine.com/Themes/AwesomeAdmin/images/faces/2a.png]
[portnine.com/Themes/AwesomeAdmin/images/faces/4b.png]
[portnine.com/Themes/AwesomeAdmin/images/faces/3a.png]
[portnine.com/Themes/AwesomeAdmin/blog-item.html]
[portnine.com/Themes/AwesomeAdmin/help.html]
[portnine.com/Themes/AwesomeAdmin/lib/smoothscroll.js]
[portnine.com/Themes/AwesomeAdmin/faq.html]
[portnine.com/Themes/AwesomeAdmin/lib/fullcalendar-1.5.3/fullcalendar/fullcalendar.min.js]
[portnine.com/Themes/AwesomeAdmin/calendar.html]
[portnine.com/Themes/AwesomeAdmin/forms.html]
[portnine.com/Themes/AwesomeAdmin/lib/DataTables-1.9.4/media/js/jquery.dataTables.min.js]
[portnine.com/Themes/AwesomeAdmin/lib/DataTables-1.9.4/media/js/jquery.dataTables.bootstrap.js]
[portnine.com/Themes/AwesomeAdmin/tables.html]
[portnine.com/Themes/AwesomeAdmin/images/phone.png]
[portnine.com/Themes/AwesomeAdmin/mobile.html]
[portnine.com/Themes/AwesomeAdmin/icons.html]
[portnine.com/Themes/AwesomeAdmin/sign-up.html]
[portnine.com/Themes/AwesomeAdmin/reset-password.html]
[portnine.com/Themes/AwesomeAdmin/lib/bootstrap3/dist/fonts/glyphicons-halflings-regular.svg]
[portnine.com/Themes/AwesomeAdmin/lib/FontAwesome/font/fontawesome-webfont.svg]
[portnine.com/Themes/AwesomeAdmin/lib/datepicker/css/datepicker.css]
[portnine.com/Themes/AwesomeAdmin/lib/colorpicker/img/saturation.png]
[portnine.com/Themes/AwesomeAdmin/lib/colorpicker/img/hue.png]
[portnine.com/Themes/AwesomeAdmin/lib/colorpicker/css/colorpicker.css]
[portnine.com/Themes/AwesomeAdmin/lib/colorpicker/img/alpha.png]
[portnine.com/Themes/AwesomeAdmin/lib/bootstrap-toggle-buttons/static/stylesheets/bootstrap-toggle-buttons.css]
[portnine.com/Themes/AwesomeAdmin/lib/bootstrap-timepicker/compiled/timepicker.css]
[portnine.com/Themes/AwesomeAdmin/lib/bootstrap-formhelpers/css/bootstrap-formhelpers.css]
[portnine.com/Themes/AwesomeAdmin/lib/bootstrap-notify/bootstrap-notify.css]
[portnine.com/Themes/AwesomeAdmin/lib/bootstrap-notify/alert-bangtidy.css]
[portnine.com/Themes/AwesomeAdmin/lib/bootstrap-notify/alert-blackgloss.css]
[portnine.com/Themes/AwesomeAdmin/lib/bootstrap-spinner/bootstrap-spinner.css]
[portnine.com/Themes/AwesomeAdmin/stylesheets/isotope.css]
[portnine.com/Themes/AwesomeAdmin/lib/bootstrap-wysihtml5/dist/bootstrap-wysihtml5-0.0.2.css]
[portnine.com/Themes/AwesomeAdmin/lib/fancy-zoom/css/fancyzoom.css]
[portnine.com/Themes/AwesomeAdmin/lib/fullcalendar-1.5.3/fullcalendar/fullcalendar.css]
[portnine.com/Themes/AwesomeAdmin/lib/fullcalendar-1.5.3/fullcalendar/fullcalendar.print.css]
[portnine.com/Themes/AwesomeAdmin/terms-and-conditions.html]
[portnine.com/Themes/AwesomeAdmin/privacy-policy.html]
